
> frontend@0.0.0 test
> jest

node.exe : PASS src/features/ReceiveAgency/schema/receiveAgencySchema.test.js
At line:1 char:1
+ & "D:\nodejs/node.exe" "D:\nodejs/node_modules/npm/bin/npm-cli.js" te ...
+ ~~~~~~~~~~~~~~~~~~~~~~~~~~~~~~~~~~~~~~~~~~~~~~~~~~~~~~~~~~~~~~~~~~~~~
    + CategoryInfo          : NotSpecified: (PASS src/featur...ySchema.test.js:String) [], RemoteException
    + FullyQualifiedErrorId : NativeCommandError
 
  ReceiveAgency Schema Validation Tests
    Name Validation
      âˆ Should reject empty name (18 ms)
      âˆ Should accept valid name (2 ms)
    Agent Type Validation
      âˆ Should reject empty agent type (1 ms)
      âˆ Should accept valid agent type (1 ms)
    Phone Validation
      âˆ Should reject empty phone (1 ms)
      âˆ Should reject phone with invalid format
      âˆ Should reject phone with too few digits (1 ms)
      âˆ Should reject phone with too many digits
      âˆ Should accept valid 9-digit phone
      âˆ Should accept valid 10-digit phone (1 ms)
      âˆ Should accept valid 11-digit phone
    District Validation
      âˆ Should reject empty district (1 ms)
      âˆ Should accept valid district
    Email Validation
      âˆ Should reject empty email
      âˆ Should reject invalid email format
      âˆ Should accept valid email
    Address Validation
      âˆ Should reject empty address
      âˆ Should accept valid address (1 ms)
    Complete Form Validation
      âˆ Should validate complete valid form (2 ms)
      âˆ Should accept form with valid multiple phone formats (1 ms)
      âˆ Should handle multiple validation errors (1 ms)
    Required Fields Validation
      âˆ Should reject missing all required fields (1 ms)
      âˆ Should validate each required field independently (2 ms)

PASS src/features/Auth/schema/authSchema.test.js
  SignIn Schema Validation Tests
    Username Validation
      âˆ Should reject empty username (16 ms)
      âˆ Should reject username with less than 4 characters (1 ms)
      âˆ Should accept valid username (1 ms)
      âˆ Should trim whitespace from username (1 ms)
    Password Validation
      âˆ Should reject empty password (1 ms)
      âˆ Should reject password with less than 8 characters
      âˆ Should accept valid password (1 ms)
  SignUp Schema Validation Tests
    Full Name Validation
      âˆ Should reject empty full name (2 ms)
      âˆ Should reject full name with less than 2 characters (1 ms)
      âˆ Should reject full name that is too long (1 ms)
      âˆ Should accept valid full name (1 ms)
    Username Validation
      âˆ Should reject empty username
      âˆ Should accept valid username (1 ms)
    Email Validation
      âˆ Should reject empty email
      âˆ Should reject invalid email format (1 ms)
      âˆ Should accept valid email (1 ms)
    Password Validation
      âˆ Should reject empty password
      âˆ Should reject password with less than 8 characters (1 ms)
      âˆ Should accept valid password (1 ms)
    Confirm Password Validation
      âˆ Should reject empty confirm password (1 ms)
      âˆ Should reject mismatched confirm password (1 ms)
      âˆ Should accept matching confirm password
    Complete SignUp Form Validation
      âˆ Should validate complete valid form (1 ms)
      âˆ Should reject form with multiple errors (1 ms)

  console.log
    {
      fullName: 'Nguyá»…n VÄƒn A',
      username: 'newuser',
      email: 'newuser@example.com',
      password: 'password123',
      confirmPassword: 'password123'
    }

      at log (src/features/Auth/authSlice.js:23:21)

  console.log
    {
      id: '123',
      fullName: 'Nguyá»…n VÄƒn A',
      username: 'newuser',
      email: 'newuser@example.com'
    }

      at log (src/features/Auth/authSlice.js:25:22)

  console.log
    {
      fullName: 'Nguyá»…n VÄƒn B',
      username: 'existinguser',
      email: 'newuser@example.com',
      password: 'password123',
      confirmPassword: 'password123'
    }

      at log (src/features/Auth/authSlice.js:23:21)

  console.log
    { response: { data: { error: [Object] } } }

      at log (src/features/Auth/authSlice.js:28:21)

  console.log
    {
      fullName: 'Nguyá»…n VÄƒn C',
      username: 'newuser123',
      email: 'existing@example.com',
      password: 'password123',
      confirmPassword: 'password123'
    }

      at log (src/features/Auth/authSlice.js:23:21)

  console.log
    { response: { data: { error: [Object] } } }

      at log (src/features/Auth/authSlice.js:28:21)

  console.log
    {
      fullName: 'Nguyá»…n VÄƒn D',
      username: 'newuser456',
      email: 'newuser456@example.com',
      password: 'password123',
      confirmPassword: 'password123'
    }

      at log (src/features/Auth/authSlice.js:23:21)

  console.log
    { response: { data: { error: {} } } }

      at log (src/features/Auth/authSlice.js:28:21)

  console.log
    {
      fullName: 'Nguyá»…n VÄƒn E',
      username: 'newuser789',
      email: 'newuser789@example.com',
      password: 'password123',
      confirmPassword: 'password123'
    }

      at log (src/features/Auth/authSlice.js:23:21)

  console.log
    Error: Network Error
        at Object.<anonymous> (D:\TMP\Front_End_NM-CNPM\src\features\Auth\authSlice.test.js:240:25)
        at Promise.then.completed (D:\TMP\Front_End_NM-CNPM\node_modules\jest-circus\build\utils.js:298:28)
        at new Promise (<anonymous>)
        at callAsyncCircusFn (D:\TMP\Front_End_NM-CNPM\node_modules\jest-circus\build\utils.js:231:10)
        at _callCircusTest (D:\TMP\Front_End_NM-CNPM\node_modules\jest-circus\build\run.js:316:40)
        at processTicksAndRejections (node:internal/process/task_queues:105:5)
        at _runTest (D:\TMP\Front_End_NM-CNPM\node_modules\jest-circus\build\run.js:252:3)
        at _runTestsForDescribeBlock (D:\TMP\Front_End_NM-CNPM\node_modules\jest-circus\build\run.js:126:9)
        at _runTestsForDescribeBlock (D:\TMP\Front_End_NM-CNPM\node_modules\jest-circus\build\run.js:121:9)
        at _runTestsForDescribeBlock (D:\TMP\Front_End_NM-CNPM\node_modules\jest-circus\build\run.js:121:9)
        at run (D:\TMP\Front_End_NM-CNPM\node_modules\jest-circus\build\run.js:71:3)
        at runAndTransformResultsToJestFormat (D:\TMP\Front_End_NM-CNPM\node_modules\jest-circus\build\legacy-code-todo-rewrite\jestAdapterInit.js:122:21)
        at jestAdapter (D:\TMP\Front_End_NM-CNPM\node_modules\jest-circus\build\legacy-code-todo-rewrite\jestAdapter.js:79:19)
        at runTestInternal (D:\TMP\Front_End_NM-CNPM\node_modules\jest-runner\build\runTest.js:367:16)
        at runTest (D:\TMP\Front_End_NM-CNPM\node_modules\jest-runner\build\runTest.js:444:34)
        at Object.worker (D:\TMP\Front_End_NM-CNPM\node_modules\jest-runner\build\testWorker.js:106:12)

      at log (src/features/Auth/authSlice.js:28:21)

  console.log
    {
      fullName: 'Nguyá»…n VÄƒn F',
      username: 'newuserapi',
      email: 'newuserapi@example.com',
      password: 'password123',
      confirmPassword: 'password123'
    }

      at log (src/features/Auth/authSlice.js:23:21)

  console.log
    { success: true }

      at log (src/features/Auth/authSlice.js:25:22)

PASS src/features/Auth/authSlice.test.js
  Authentication Thunks - authSlice
    userLogin Thunk
      âˆ Should handle successful login (20 ms)
      âˆ Should handle login with wrong password (2 ms)
      âˆ Should handle login with non-existent user (1 ms)
      âˆ Should handle network error during login (35 ms)
    userRegister Thunk
      âˆ Should handle successful registration (73 ms)
      âˆ Should handle duplicate username registration (8 ms)
      âˆ Should handle duplicate email registration (4 ms)
      âˆ Should handle registration with generic error message (3 ms)
      âˆ Should handle registration with no response error (8 ms)
      âˆ Should call API with correct endpoint and data (3 ms)

FAIL src/features/ReceiveAgency/ReceiveAgencyPage.test.jsx
  â— Test suite failed to run

    Cannot find module '../ReceiveAgencyPage' from 'src/features/ReceiveAgency/ReceiveAgencyPage.test.jsx'

    [0m [90m 2 |[39m [36mimport[39m { render[33m,[39m screen[33m,[39m waitFor } [36mfrom[39m [32m'@testing-library/react'[39m[33m;[39m
     [90m 3 |[39m [36mimport[39m userEvent [36mfrom[39m [32m'@testing-library/user-event'[39m[33m;[39m
    [31m[1m>[22m[39m[90m 4 |[39m [36mimport[39m [33mReceiveAgentPage[39m [36mfrom[39m [32m'../ReceiveAgencyPage'[39m[33m;[39m
     [90m   |[39m [31m[1m^[22m[39m
     [90m 5 |[39m [36mimport[39m agencyApi [36mfrom[39m [32m'../../services/agencyApi'[39m[33m;[39m
     [90m 6 |[39m [36mimport[39m districtApi [36mfrom[39m [32m'../../services/districtApi'[39m[33m;[39m
     [90m 7 |[39m [36mimport[39m agentTypesApi [36mfrom[39m [32m'../../services/agentTypes'[39m[33m;[39m[0m

      at Resolver._throwModNotFoundError (node_modules/jest-resolve/build/resolver.js:427:11)
      at Object.require (src/features/ReceiveAgency/ReceiveAgencyPage.test.jsx:4:1)

  console.error
    Warning: An update to SignUp inside a test was not wrapped in act(...).
    
    When testing, code that causes React state updates should be wrapped into act(...):
    
    act(() => {
      /* fire events that update state */
    });
    /* assert on the output */
    
    This ensures that you're testing the behavior the user would see in the browser. Learn more at https://reactjs.org/link/wrap-tests-with-act
        at SignUp (D:\TMP\Front_End_NM-CNPM\src\features\Auth\SignUp\SignUp.jsx:17:14)
        at Router (D:\TMP\Front_End_NM-CNPM\node_modules\react-router\dist\development\chunk-RBZI3ZHD.js:9073:13)
        at BrowserRouter (D:\TMP\Front_End_NM-CNPM\node_modules\react-router\dist\development\chunk-HMTWJNYB.js:269:3)
        at Provider (D:\TMP\Front_End_NM-CNPM\node_modules\react-redux\src\components\Provider.tsx:60:11)

      at printWarning (node_modules/react-dom/cjs/react-dom.development.js:86:30)
      at error (node_modules/react-dom/cjs/react-dom.development.js:60:7)
      at warnIfUpdatesNotWrappedWithActDEV (node_modules/react-dom/cjs/react-dom.development.js:27628:9)
      at scheduleUpdateOnFiber (node_modules/react-dom/cjs/react-dom.development.js:25547:5)
      at dispatchSetState (node_modules/react-dom/cjs/react-dom.development.js:16708:7)
      at Object.control [as callback] (node_modules/react-hook-form/src/useForm.ts:113:7)
      at Object.name (node_modules/react-hook-form/src/logic/createFormControl.ts:1067:58)
      at Object.next (node_modules/react-hook-form/src/utils/extractFormValues.ts:3:15)
      at errors (node_modules/react-hook-form/src/logic/createFormControl.ts:1290:9)

FAIL src/features/Auth/SignUp/SignUp.test.jsx
  SignUp Page - Registration Tests
    ÄÄƒng kĂ½ tĂ i khoáº£n má»›i
      Ă— Chá»©c nÄƒng Ä‘Äƒng kĂ½: Kiá»ƒm tra táº¡o tĂ i khoáº£n má»›i thĂ nh cĂ´ng (68 ms)
    ÄÄƒng kĂ½ trĂ¹ng tĂ i khoáº£n
      Ă— Chá»©c nÄƒng Ä‘Äƒng kĂ½: Kiá»ƒm tra há»‡ thá»‘ng khĂ´ng cho Ä‘Äƒng kĂ½ trĂ¹ng (9 ms)
      Ă— Chá»©c nÄƒng Ä‘Äƒng kĂ½: Kiá»ƒm tra há»‡ thá»‘ng khĂ´ng cho Ä‘Äƒng kĂ½ email trĂ¹ng (8 ms)
    Validation Tests
      Ă— Validation: TĂªn quĂ¡ ngáº¯n (6 ms)
      âˆ Validation: Email khĂ´ng há»£p lá»‡ (387 ms)
      Ă— Validation: Máº­t kháº©u xĂ¡c nháº­n khĂ´ng khá»›p (7 ms)
      Ă— Validation: Máº­t kháº©u quĂ¡ ngáº¯n (6 ms)

  â— SignUp Page - Registration Tests â€º ÄÄƒng kĂ½ tĂ i khoáº£n má»›i â€º Chá»©c nÄƒng Ä‘Äƒng kĂ½: Kiá»ƒm tra táº¡o tĂ i khoáº£n má»›i thĂ nh cĂ´ng

    TestingLibraryElementError: Unable to find an element with the placeholder text of: /tĂªn Ä‘áº§y Ä‘á»§/i

    Ignored nodes: comments, script, style
    [36m<body>[39m
      [36m<div>[39m
        [36m<div[39m
          [33mclass[39m=[32m"flex h-screen w-full font-sans"[39m
        [36m>[39m
          [36m<div[39m
            [33mclass[39m=[32m"w-full lg:w-1/2 flex items-center justify-center p-8 bg-white"[39m
          [36m>[39m
            [36m<div[39m
              [33mclass[39m=[32m"max-w-md w-full"[39m
            [36m>[39m
              [36m<h2[39m
                [33mclass[39m=[32m"text-4xl font-bold text-cyan-700 mb-8"[39m
              [36m>[39m
                [0mÄÄƒng kĂ½[0m
              [36m</h2>[39m
              [36m<form[39m
                [33mclass[39m=[32m"space-y-6 flex flex-col"[39m
              [36m>[39m
                [36m<div[39m
                  [33mclass[39m=[32m"flex flex-col w-full"[39m
                [36m>[39m
                  [36m<label[39m
                    [33mclass[39m=[32m"mb-1 font-medium text-gray-700"[39m
                  [36m>[39m
                    [0mHá» tĂªn[0m
                  [36m</label>[39m
                  [36m<input[39m
                    [33mclass[39m=[32m"w-full p-4 rounded-xl bg-gray-100 text-gray-800 
              border transition duration-150 outline-0
              border-gray-300 
              "[39m
                    [33mname[39m=[32m"fullName"[39m
                    [33mplaceholder[39m=[32m"Nguyá»…n VÄƒn A"[39m
                  [36m/>[39m
                [36m</div>[39m
                [36m<div[39m
                  [33mclass[39m=[32m"flex flex-col w-full"[39m
                [36m>[39m
                  [36m<label[39m
                    [33mclass[39m=[32m"mb-1 font-medium text-gray-700"[39m
                  [36m>[39m
                    [0mTĂªn Ä‘Äƒng nháº­p[0m
                  [36m</label>[39m
                  [36m<input[39m
                    [33mclass[39m=[32m"w-full p-4 rounded-xl bg-gray-100 text-gray-800 
              border transition duration-150 outline-0
              border-gray-300 
              "[39m
                    [33mname[39m=[32m"username"[39m
                    [33mplaceholder[39m=[32m"TĂªn Ä‘Äƒng nháº­p"[39m
                  [36m/>[39m
                [36m</div>[39m
                [36m<div[39m
                  [33mclass[39m=[32m"flex flex-col w-full"[39m
                [36m>[39m
                  [36m<label[39m
                    [33mclass[39m=[32m"mb-1 font-medium text-gray-700"[39m
                  [36m>[39m
                    [0mEmail[0m
                  [36m</label>[39m
                  [36m<input[39m
                    [33mclass[39m=[32m"w-full p-4 rounded-xl bg-gray-100 text-gray-800 
              border transition duration-150 outline-0
              border-gray-300 
              "[39m
                    [33mname[39m=[32m"email"[39m
                    [33mplaceholder[39m=[32m"email@gmail.com"[39m
                  [36m/>[39m
                [36m</div>[39m
                [36m<div[39m
                  [33mclass[39m=[32m"flex flex-col w-full"[39m
                [36m>[39m
                  [36m<label[39m
                    [33mclass[39m=[32m"mb-1 font-medium text-gray-700"[39m
                  [36m>[39m
                    [0mMáº­t kháº©u[0m
                  [36m</label>[39m
                  [36m<input[39m
                    [33mclass[39m=[32m"w-full p-4 rounded-xl bg-gray-100 text-gray-800 
              border transition duration-150 outline-0
              border-gray-300 
              "[39m
                    [33mname[39m=[32m"password"[39m
                    [33mtype[39m=[32m"password"[39m
                  [36m/>[39m
                [36m</div>[39m
                [36m<div[39m
                  [33mclass[39m=[32m"flex flex-col w-full"[39m
                [36m>[39m
                  [36m<label[39m
                    [33mclass[39m=[32m"mb-1 font-medium text-gray-700"[39m
                  [36m>[39m
                    [0mXĂ¡c nháº­n máº­t kháº©u[0m
                  [36m</label>[39m
                  [36m<input[39m
                    [33mclass[39m=[32m"w-full p-4 rounded-xl bg-gray-100 text-gray-800 
              border transition duration-150 outline-0
              border-gray-300 
              "[39m
                    [33mname[39m=[32m"confirmPassword"[39m
                    [33mtype[39m=[32m"password"[39m
                  [36m/>[39m
                [36m</div>[39m
                [36m<button[39m
                  [33mclass[39m=[32m"font-semibold rounded-xl text-lg transition duration-200 shadow-md focus:outline-none focus:ring-4 bg-cyan-500 
text-white hover:bg-cyan-600 focus:ring-cyan-300 w-full py-3 px-4 text-lg "[39m
                  [33mtype[39m=[32m"submit"[39m
                [36m>[39m
                  [0mÄÄƒng kĂ½[0m
                [36m</button>[39m
              [36m</form>[39m
            [36m</div>[39m
          [36m</div>[39m
          [36m<div[39m
            [33mclass[39m=[32m"hidden lg:w-1/2 lg:flex items-center justify-center p-8 bg-cyan-500 text-white"[39m
          [36m>[39m
            [36m<div[39m
              [33mclass[39m=[32m"text-center max-w-sm"[39m
            [36m>[39m
              [36m<h2[39m
                [33mclass[39m=[32m"text-4xl font-bold mb-6"[39m
              [36m>[39m
                [0mÄĂ£ cĂ³ tĂ i khoáº£n?[0m
              [36m</h2>[39m
              [36m<p[39m
                [33mclass[39m=[32m"text-lg mb-8"[39m
              [36m>[39m
                [0mHĂ£y Ä‘Äƒng nháº­p Ä‘á»ƒ sá»­ dá»¥ng dá»‹ch vá»¥[0m
              [36m</p>[39m
              [36m<a[39m
                [33mhref[39m=[32m"/signin"[39m
              [36m>[39m
                [36m<button[39m
                  [33mclass[39m=[32m"font-semibold rounded-xl text-lg transition duration-200 shadow-md focus:outline-none focus:ring-4 bg-white 
text-cyan-500 hover:bg-gray-100 focus:ring-gray-300 py-3 px-8 text-lg rounded-full px-12!"[39m
                [36m>[39m
                  [0mÄÄƒng nháº­p[0m
                [36m</button>[39m
              [36m</a>[39m
            [36m</div>[39m
          [36m</div>[39m
        [36m</div>[39m
      [36m</div>[39m
    [36m</body>[39m

    [0m [90m 69 |[39m
     [90m 70 |[39m       [90m// Fill form with valid data[39m
    [31m[1m>[22m[39m[90m 71 |[39m       [36mconst[39m fullNameInput [33m=[39m screen[33m.[39mgetByPlaceholderText([35m/tĂªn Ä‘áº§y 
Ä‘á»§/i[39m)[33m;[39m
     [90m    |[39m                                    [31m[1m^[22m[39m
     [90m 72 |[39m       [36mconst[39m usernameInput [33m=[39m screen[33m.[39mgetByPlaceholderText([35m/username/i[39m)[33m;[39m
     [90m 73 |[39m       [36mconst[39m emailInput [33m=[39m screen[33m.[39mgetByPlaceholderText([35m/email/i[39m)[33m;[39m
     [90m 74 |[39m       [36mconst[39m passwordInput [33m=[39m screen[33m.[39mgetByPlaceholderText([35m/máº­t kháº©u/i[39m)[33m;[39m[0m

      at Object.getElementError (node_modules/@testing-library/react/node_modules/@testing-library/dom/dist/config.js:37:19)
      at node_modules/@testing-library/react/node_modules/@testing-library/dom/dist/query-helpers.js:76:38
      at node_modules/@testing-library/react/node_modules/@testing-library/dom/dist/query-helpers.js:52:17
      at node_modules/@testing-library/react/node_modules/@testing-library/dom/dist/query-helpers.js:95:19
      at Object.getByPlaceholderText (src/features/Auth/SignUp/SignUp.test.jsx:71:36)

  â— SignUp Page - Registration Tests â€º ÄÄƒng kĂ½ trĂ¹ng tĂ i khoáº£n â€º Chá»©c nÄƒng Ä‘Äƒng kĂ½: Kiá»ƒm tra há»‡ thá»‘ng khĂ´ng cho Ä‘Äƒng kĂ½ trĂ¹ng

    TestingLibraryElementError: Unable to find an element with the placeholder text of: /tĂªn Ä‘áº§y Ä‘á»§/i

    Ignored nodes: comments, script, style
    [36m<body>[39m
      [36m<div>[39m
        [36m<div[39m
          [33mclass[39m=[32m"flex h-screen w-full font-sans"[39m
        [36m>[39m
          [36m<div[39m
            [33mclass[39m=[32m"w-full lg:w-1/2 flex items-center justify-center p-8 bg-white"[39m
          [36m>[39m
            [36m<div[39m
              [33mclass[39m=[32m"max-w-md w-full"[39m
            [36m>[39m
              [36m<h2[39m
                [33mclass[39m=[32m"text-4xl font-bold text-cyan-700 mb-8"[39m
              [36m>[39m
                [0mÄÄƒng kĂ½[0m
              [36m</h2>[39m
              [36m<form[39m
                [33mclass[39m=[32m"space-y-6 flex flex-col"[39m
              [36m>[39m
                [36m<div[39m
                  [33mclass[39m=[32m"flex flex-col w-full"[39m
                [36m>[39m
                  [36m<label[39m
                    [33mclass[39m=[32m"mb-1 font-medium text-gray-700"[39m
                  [36m>[39m
                    [0mHá» tĂªn[0m
                  [36m</label>[39m
                  [36m<input[39m
                    [33mclass[39m=[32m"w-full p-4 rounded-xl bg-gray-100 text-gray-800 
              border transition duration-150 outline-0
              border-gray-300 
              "[39m
                    [33mname[39m=[32m"fullName"[39m
                    [33mplaceholder[39m=[32m"Nguyá»…n VÄƒn A"[39m
                  [36m/>[39m
                [36m</div>[39m
                [36m<div[39m
                  [33mclass[39m=[32m"flex flex-col w-full"[39m
                [36m>[39m
                  [36m<label[39m
                    [33mclass[39m=[32m"mb-1 font-medium text-gray-700"[39m
                  [36m>[39m
                    [0mTĂªn Ä‘Äƒng nháº­p[0m
                  [36m</label>[39m
                  [36m<input[39m
                    [33mclass[39m=[32m"w-full p-4 rounded-xl bg-gray-100 text-gray-800 
              border transition duration-150 outline-0
              border-gray-300 
              "[39m
                    [33mname[39m=[32m"username"[39m
                    [33mplaceholder[39m=[32m"TĂªn Ä‘Äƒng nháº­p"[39m
                  [36m/>[39m
                [36m</div>[39m
                [36m<div[39m
                  [33mclass[39m=[32m"flex flex-col w-full"[39m
                [36m>[39m
                  [36m<label[39m
                    [33mclass[39m=[32m"mb-1 font-medium text-gray-700"[39m
                  [36m>[39m
                    [0mEmail[0m
                  [36m</label>[39m
                  [36m<input[39m
                    [33mclass[39m=[32m"w-full p-4 rounded-xl bg-gray-100 text-gray-800 
              border transition duration-150 outline-0
              border-gray-300 
              "[39m
                    [33mname[39m=[32m"email"[39m
                    [33mplaceholder[39m=[32m"email@gmail.com"[39m
                  [36m/>[39m
                [36m</div>[39m
                [36m<div[39m
                  [33mclass[39m=[32m"flex flex-col w-full"[39m
                [36m>[39m
                  [36m<label[39m
                    [33mclass[39m=[32m"mb-1 font-medium text-gray-700"[39m
                  [36m>[39m
                    [0mMáº­t kháº©u[0m
                  [36m</label>[39m
                  [36m<input[39m
                    [33mclass[39m=[32m"w-full p-4 rounded-xl bg-gray-100 text-gray-800 
              border transition duration-150 outline-0
              border-gray-300 
              "[39m
                    [33mname[39m=[32m"password"[39m
                    [33mtype[39m=[32m"password"[39m
                  [36m/>[39m
                [36m</div>[39m
                [36m<div[39m
                  [33mclass[39m=[32m"flex flex-col w-full"[39m
                [36m>[39m
                  [36m<label[39m
                    [33mclass[39m=[32m"mb-1 font-medium text-gray-700"[39m
                  [36m>[39m
                    [0mXĂ¡c nháº­n máº­t kháº©u[0m
                  [36m</label>[39m
                  [36m<input[39m
                    [33mclass[39m=[32m"w-full p-4 rounded-xl bg-gray-100 text-gray-800 
              border transition duration-150 outline-0
              border-gray-300 
              "[39m
                    [33mname[39m=[32m"confirmPassword"[39m
                    [33mtype[39m=[32m"password"[39m
                  [36m/>[39m
                [36m</div>[39m
                [36m<button[39m
                  [33mclass[39m=[32m"font-semibold rounded-xl text-lg transition duration-200 shadow-md focus:outline-none focus:ring-4 bg-cyan-500 
text-white hover:bg-cyan-600 focus:ring-cyan-300 w-full py-3 px-4 text-lg "[39m
                  [33mtype[39m=[32m"submit"[39m
                [36m>[39m
                  [0mÄÄƒng kĂ½[0m
                [36m</button>[39m
              [36m</form>[39m
            [36m</div>[39m
          [36m</div>[39m
          [36m<div[39m
            [33mclass[39m=[32m"hidden lg:w-1/2 lg:flex items-center justify-center p-8 bg-cyan-500 text-white"[39m
          [36m>[39m
            [36m<div[39m
              [33mclass[39m=[32m"text-center max-w-sm"[39m
            [36m>[39m
              [36m<h2[39m
                [33mclass[39m=[32m"text-4xl font-bold mb-6"[39m
              [36m>[39m
                [0mÄĂ£ cĂ³ tĂ i khoáº£n?[0m
              [36m</h2>[39m
              [36m<p[39m
                [33mclass[39m=[32m"text-lg mb-8"[39m
              [36m>[39m
                [0mHĂ£y Ä‘Äƒng nháº­p Ä‘á»ƒ sá»­ dá»¥ng dá»‹ch vá»¥[0m
              [36m</p>[39m
              [36m<a[39m
                [33mhref[39m=[32m"/signin"[39m
              [36m>[39m
                [36m<button[39m
                  [33mclass[39m=[32m"font-semibold rounded-xl text-lg transition duration-200 shadow-md focus:outline-none focus:ring-4 bg-white 
text-cyan-500 hover:bg-gray-100 focus:ring-gray-300 py-3 px-8 text-lg rounded-full px-12!"[39m
                [36m>[39m
                  [0mÄÄƒng nháº­p[0m
                [36m</button>[39m
              [36m</a>[39m
            [36m</div>[39m
          [36m</div>[39m
        [36m</div>[39m
      [36m</div>[39m
    [36m</body>[39m

    [0m [90m 110 |[39m       renderSignUp()[33m;[39m
     [90m 111 |[39m
    [31m[1m>[22m[39m[90m 112 |[39m       [36mconst[39m fullNameInput [33m=[39m screen[33m.[39mgetByPlaceholderText([35m/tĂªn Ä‘áº§y 
Ä‘á»§/i[39m)[33m;[39m
     [90m     |[39m                                    [31m[1m^[22m[39m
     [90m 113 |[39m       [36mconst[39m usernameInput [33m=[39m screen[33m.[39mgetByPlaceholderText([35m/username/i[39m)[33m;[39m
     [90m 114 |[39m       [36mconst[39m emailInput [33m=[39m screen[33m.[39mgetByPlaceholderText([35m/email/i[39m)[33m;[39m
     [90m 115 |[39m       [36mconst[39m passwordInput [33m=[39m screen[33m.[39mgetByPlaceholderText([35m/máº­t kháº©u/i[39m)[33m;[39m[0m

      at Object.getElementError (node_modules/@testing-library/react/node_modules/@testing-library/dom/dist/config.js:37:19)
      at node_modules/@testing-library/react/node_modules/@testing-library/dom/dist/query-helpers.js:76:38
      at node_modules/@testing-library/react/node_modules/@testing-library/dom/dist/query-helpers.js:52:17
      at node_modules/@testing-library/react/node_modules/@testing-library/dom/dist/query-helpers.js:95:19
      at Object.getByPlaceholderText (src/features/Auth/SignUp/SignUp.test.jsx:112:36)

  â— SignUp Page - Registration Tests â€º ÄÄƒng kĂ½ trĂ¹ng tĂi khoáº£n â€º Chá»©c nÄƒng Ä‘Äƒng kĂ½: Kiá»ƒm tra há»‡ thá»‘ng khĂ´ng cho Ä‘Äƒng kĂ½ email 
trĂ¹ng

    TestingLibraryElementError: Unable to find an element with the placeholder text of: /tĂªn Ä‘áº§y Ä‘á»§/i

    Ignored nodes: comments, script, style
    [36m<body>[39m
      [36m<div>[39m
        [36m<div[39m
          [33mclass[39m=[32m"flex h-screen w-full font-sans"[39m
        [36m>[39m
          [36m<div[39m
            [33mclass[39m=[32m"w-full lg:w-1/2 flex items-center justify-center p-8 bg-white"[39m
          [36m>[39m
            [36m<div[39m
              [33mclass[39m=[32m"max-w-md w-full"[39m
            [36m>[39m
              [36m<h2[39m
                [33mclass[39m=[32m"text-4xl font-bold text-cyan-700 mb-8"[39m
              [36m>[39m
                [0mÄÄƒng kĂ½[0m
              [36m</h2>[39m
              [36m<form[39m
                [33mclass[39m=[32m"space-y-6 flex flex-col"[39m
              [36m>[39m
                [36m<div[39m
                  [33mclass[39m=[32m"flex flex-col w-full"[39m
                [36m>[39m
                  [36m<label[39m
                    [33mclass[39m=[32m"mb-1 font-medium text-gray-700"[39m
                  [36m>[39m
                    [0mHá» tĂªn[0m
                  [36m</label>[39m
                  [36m<input[39m
                    [33mclass[39m=[32m"w-full p-4 rounded-xl bg-gray-100 text-gray-800 
              border transition duration-150 outline-0
              border-gray-300 
              "[39m
                    [33mname[39m=[32m"fullName"[39m
                    [33mplaceholder[39m=[32m"Nguyá»…n VÄƒn A"[39m
                  [36m/>[39m
                [36m</div>[39m
                [36m<div[39m
                  [33mclass[39m=[32m"flex flex-col w-full"[39m
                [36m>[39m
                  [36m<label[39m
                    [33mclass[39m=[32m"mb-1 font-medium text-gray-700"[39m
                  [36m>[39m
                    [0mTĂªn Ä‘Äƒng nháº­p[0m
                  [36m</label>[39m
                  [36m<input[39m
                    [33mclass[39m=[32m"w-full p-4 rounded-xl bg-gray-100 text-gray-800 
              border transition duration-150 outline-0
              border-gray-300 
              "[39m
                    [33mname[39m=[32m"username"[39m
                    [33mplaceholder[39m=[32m"TĂªn Ä‘Äƒng nháº­p"[39m
                  [36m/>[39m
                [36m</div>[39m
                [36m<div[39m
                  [33mclass[39m=[32m"flex flex-col w-full"[39m
                [36m>[39m
                  [36m<label[39m
                    [33mclass[39m=[32m"mb-1 font-medium text-gray-700"[39m
                  [36m>[39m
                    [0mEmail[0m
                  [36m</label>[39m
                  [36m<input[39m
                    [33mclass[39m=[32m"w-full p-4 rounded-xl bg-gray-100 text-gray-800 
              border transition duration-150 outline-0
              border-gray-300 
              "[39m
                    [33mname[39m=[32m"email"[39m
                    [33mplaceholder[39m=[32m"email@gmail.com"[39m
                  [36m/>[39m
                [36m</div>[39m
                [36m<div[39m
                  [33mclass[39m=[32m"flex flex-col w-full"[39m
                [36m>[39m
                  [36m<label[39m
                    [33mclass[39m=[32m"mb-1 font-medium text-gray-700"[39m
                  [36m>[39m
                    [0mMáº­t kháº©u[0m
                  [36m</label>[39m
                  [36m<input[39m
                    [33mclass[39m=[32m"w-full p-4 rounded-xl bg-gray-100 text-gray-800 
              border transition duration-150 outline-0
              border-gray-300 
              "[39m
                    [33mname[39m=[32m"password"[39m
                    [33mtype[39m=[32m"password"[39m
                  [36m/>[39m
                [36m</div>[39m
                [36m<div[39m
                  [33mclass[39m=[32m"flex flex-col w-full"[39m
                [36m>[39m
                  [36m<label[39m
                    [33mclass[39m=[32m"mb-1 font-medium text-gray-700"[39m
                  [36m>[39m
                    [0mXĂ¡c nháº­n máº­t kháº©u[0m
                  [36m</label>[39m
                  [36m<input[39m
                    [33mclass[39m=[32m"w-full p-4 rounded-xl bg-gray-100 text-gray-800 
              border transition duration-150 outline-0
              border-gray-300 
              "[39m
                    [33mname[39m=[32m"confirmPassword"[39m
                    [33mtype[39m=[32m"password"[39m
                  [36m/>[39m
                [36m</div>[39m
                [36m<button[39m
                  [33mclass[39m=[32m"font-semibold rounded-xl text-lg transition duration-200 shadow-md focus:outline-none focus:ring-4 bg-cyan-500 
text-white hover:bg-cyan-600 focus:ring-cyan-300 w-full py-3 px-4 text-lg "[39m
                  [33mtype[39m=[32m"submit"[39m
                [36m>[39m
                  [0mÄÄƒng kĂ½[0m
                [36m</button>[39m
              [36m</form>[39m
            [36m</div>[39m
          [36m</div>[39m
          [36m<div[39m
            [33mclass[39m=[32m"hidden lg:w-1/2 lg:flex items-center justify-center p-8 bg-cyan-500 text-white"[39m
          [36m>[39m
            [36m<div[39m
              [33mclass[39m=[32m"text-center max-w-sm"[39m
            [36m>[39m
              [36m<h2[39m
                [33mclass[39m=[32m"text-4xl font-bold mb-6"[39m
              [36m>[39m
                [0mÄĂ£ cĂ³ tĂ i khoáº£n?[0m
              [36m</h2>[39m
              [36m<p[39m
                [33mclass[39m=[32m"text-lg mb-8"[39m
              [36m>[39m
                [0mHĂ£y Ä‘Äƒng nháº­p Ä‘á»ƒ sá»­ dá»¥ng dá»‹ch vá»¥[0m
              [36m</p>[39m
              [36m<a[39m
                [33mhref[39m=[32m"/signin"[39m
              [36m>[39m
                [36m<button[39m
                  [33mclass[39m=[32m"font-semibold rounded-xl text-lg transition duration-200 shadow-md focus:outline-none focus:ring-4 bg-white 
text-cyan-500 hover:bg-gray-100 focus:ring-gray-300 py-3 px-8 text-lg rounded-full px-12!"[39m
                [36m>[39m
                  [0mÄÄƒng nháº­p[0m
                [36m</button>[39m
              [36m</a>[39m
            [36m</div>[39m
          [36m</div>[39m
        [36m</div>[39m
      [36m</div>[39m
    [36m</body>[39m

    [0m [90m 144 |[39m       renderSignUp()[33m;[39m
     [90m 145 |[39m
    [31m[1m>[22m[39m[90m 146 |[39m       [36mconst[39m fullNameInput [33m=[39m screen[33m.[39mgetByPlaceholderText([35m/tĂªn Ä‘áº§y 
Ä‘á»§/i[39m)[33m;[39m
     [90m     |[39m                                    [31m[1m^[22m[39m
     [90m 147 |[39m       [36mconst[39m usernameInput [33m=[39m screen[33m.[39mgetByPlaceholderText([35m/username/i[39m)[33m;[39m
     [90m 148 |[39m       [36mconst[39m emailInput [33m=[39m screen[33m.[39mgetByPlaceholderText([35m/email/i[39m)[33m;[39m
     [90m 149 |[39m       [36mconst[39m passwordInput [33m=[39m screen[33m.[39mgetByPlaceholderText([35m/máº­t kháº©u/i[39m)[33m;[39m[0m

      at Object.getElementError (node_modules/@testing-library/react/node_modules/@testing-library/dom/dist/config.js:37:19)
      at node_modules/@testing-library/react/node_modules/@testing-library/dom/dist/query-helpers.js:76:38
      at node_modules/@testing-library/react/node_modules/@testing-library/dom/dist/query-helpers.js:52:17
      at node_modules/@testing-library/react/node_modules/@testing-library/dom/dist/query-helpers.js:95:19
      at Object.getByPlaceholderText (src/features/Auth/SignUp/SignUp.test.jsx:146:36)

  â— SignUp Page - Registration Tests â€º Validation Tests â€º Validation: TĂªn quĂ¡ ngáº¯n

    TestingLibraryElementError: Unable to find an element with the placeholder text of: /tĂªn Ä‘áº§y Ä‘á»§/i

    Ignored nodes: comments, script, style
    [36m<body>[39m
      [36m<div>[39m
        [36m<div[39m
          [33mclass[39m=[32m"flex h-screen w-full font-sans"[39m
        [36m>[39m
          [36m<div[39m
            [33mclass[39m=[32m"w-full lg:w-1/2 flex items-center justify-center p-8 bg-white"[39m
          [36m>[39m
            [36m<div[39m
              [33mclass[39m=[32m"max-w-md w-full"[39m
            [36m>[39m
              [36m<h2[39m
                [33mclass[39m=[32m"text-4xl font-bold text-cyan-700 mb-8"[39m
              [36m>[39m
                [0mÄÄƒng kĂ½[0m
              [36m</h2>[39m
              [36m<form[39m
                [33mclass[39m=[32m"space-y-6 flex flex-col"[39m
              [36m>[39m
                [36m<div[39m
                  [33mclass[39m=[32m"flex flex-col w-full"[39m
                [36m>[39m
                  [36m<label[39m
                    [33mclass[39m=[32m"mb-1 font-medium text-gray-700"[39m
                  [36m>[39m
                    [0mHá» tĂªn[0m
                  [36m</label>[39m
                  [36m<input[39m
                    [33mclass[39m=[32m"w-full p-4 rounded-xl bg-gray-100 text-gray-800 
              border transition duration-150 outline-0
              border-gray-300 
              "[39m
                    [33mname[39m=[32m"fullName"[39m
                    [33mplaceholder[39m=[32m"Nguyá»…n VÄƒn A"[39m
                  [36m/>[39m
                [36m</div>[39m
                [36m<div[39m
                  [33mclass[39m=[32m"flex flex-col w-full"[39m
                [36m>[39m
                  [36m<label[39m
                    [33mclass[39m=[32m"mb-1 font-medium text-gray-700"[39m
                  [36m>[39m
                    [0mTĂªn Ä‘Äƒng nháº­p[0m
                  [36m</label>[39m
                  [36m<input[39m
                    [33mclass[39m=[32m"w-full p-4 rounded-xl bg-gray-100 text-gray-800 
              border transition duration-150 outline-0
              border-gray-300 
              "[39m
                    [33mname[39m=[32m"username"[39m
                    [33mplaceholder[39m=[32m"TĂªn Ä‘Äƒng nháº­p"[39m
                  [36m/>[39m
                [36m</div>[39m
                [36m<div[39m
                  [33mclass[39m=[32m"flex flex-col w-full"[39m
                [36m>[39m
                  [36m<label[39m
                    [33mclass[39m=[32m"mb-1 font-medium text-gray-700"[39m
                  [36m>[39m
                    [0mEmail[0m
                  [36m</label>[39m
                  [36m<input[39m
                    [33mclass[39m=[32m"w-full p-4 rounded-xl bg-gray-100 text-gray-800 
              border transition duration-150 outline-0
              border-gray-300 
              "[39m
                    [33mname[39m=[32m"email"[39m
                    [33mplaceholder[39m=[32m"email@gmail.com"[39m
                  [36m/>[39m
                [36m</div>[39m
                [36m<div[39m
                  [33mclass[39m=[32m"flex flex-col w-full"[39m
                [36m>[39m
                  [36m<label[39m
                    [33mclass[39m=[32m"mb-1 font-medium text-gray-700"[39m
                  [36m>[39m
                    [0mMáº­t kháº©u[0m
                  [36m</label>[39m
                  [36m<input[39m
                    [33mclass[39m=[32m"w-full p-4 rounded-xl bg-gray-100 text-gray-800 
              border transition duration-150 outline-0
              border-gray-300 
              "[39m
                    [33mname[39m=[32m"password"[39m
                    [33mtype[39m=[32m"password"[39m
                  [36m/>[39m
                [36m</div>[39m
                [36m<div[39m
                  [33mclass[39m=[32m"flex flex-col w-full"[39m
                [36m>[39m
                  [36m<label[39m
                    [33mclass[39m=[32m"mb-1 font-medium text-gray-700"[39m
                  [36m>[39m
                    [0mXĂ¡c nháº­n máº­t kháº©u[0m
                  [36m</label>[39m
                  [36m<input[39m
                    [33mclass[39m=[32m"w-full p-4 rounded-xl bg-gray-100 text-gray-800 
              border transition duration-150 outline-0
              border-gray-300 
              "[39m
                    [33mname[39m=[32m"confirmPassword"[39m
                    [33mtype[39m=[32m"password"[39m
                  [36m/>[39m
                [36m</div>[39m
                [36m<button[39m
                  [33mclass[39m=[32m"font-semibold rounded-xl text-lg transition duration-200 shadow-md focus:outline-none focus:ring-4 bg-cyan-500 
text-white hover:bg-cyan-600 focus:ring-cyan-300 w-full py-3 px-4 text-lg "[39m
                  [33mtype[39m=[32m"submit"[39m
                [36m>[39m
                  [0mÄÄƒng kĂ½[0m
                [36m</button>[39m
              [36m</form>[39m
            [36m</div>[39m
          [36m</div>[39m
          [36m<div[39m
            [33mclass[39m=[32m"hidden lg:w-1/2 lg:flex items-center justify-center p-8 bg-cyan-500 text-white"[39m
          [36m>[39m
            [36m<div[39m
              [33mclass[39m=[32m"text-center max-w-sm"[39m
            [36m>[39m
              [36m<h2[39m
                [33mclass[39m=[32m"text-4xl font-bold mb-6"[39m
              [36m>[39m
                [0mÄĂ£ cĂ³ tĂ i khoáº£n?[0m
              [36m</h2>[39m
              [36m<p[39m
                [33mclass[39m=[32m"text-lg mb-8"[39m
              [36m>[39m
                [0mHĂ£y Ä‘Äƒng nháº­p Ä‘á»ƒ sá»­ dá»¥ng dá»‹ch vá»¥[0m
              [36m</p>[39m
              [36m<a[39m
                [33mhref[39m=[32m"/signin"[39m
              [36m>[39m
                [36m<button[39m
                  [33mclass[39m=[32m"font-semibold rounded-xl text-lg transition duration-200 shadow-md focus:outline-none focus:ring-4 bg-white 
text-cyan-500 hover:bg-gray-100 focus:ring-gray-300 py-3 px-8 text-lg rounded-full px-12!"[39m
                [36m>[39m
                  [0mÄÄƒng nháº­p[0m
                [36m</button>[39m
              [36m</a>[39m
            [36m</div>[39m
          [36m</div>[39m
        [36m</div>[39m
      [36m</div>[39m
    [36m</body>[39m

    [0m [90m 172 |[39m       renderSignUp()[33m;[39m
     [90m 173 |[39m
    [31m[1m>[22m[39m[90m 174 |[39m       [36mconst[39m fullNameInput [33m=[39m screen[33m.[39mgetByPlaceholderText([35m/tĂªn Ä‘áº§y 
Ä‘á»§/i[39m)[33m;[39m
     [90m     |[39m                                    [31m[1m^[22m[39m
     [90m 175 |[39m       [36mconst[39m submitButton [33m=[39m screen[33m.[39mgetByRole([32m'button'[39m[33m,[39m { name[33m:[39m [35m/Ä‘Äƒng 
kĂ½/i[39m })[33m;[39m
     [90m 176 |[39m
     [90m 177 |[39m       [36mawait[39m user[33m.[39mtype(fullNameInput[33m,[39m [32m'A'[39m)[33m;[39m[0m

      at Object.getElementError (node_modules/@testing-library/react/node_modules/@testing-library/dom/dist/config.js:37:19)
      at node_modules/@testing-library/react/node_modules/@testing-library/dom/dist/query-helpers.js:76:38
      at node_modules/@testing-library/react/node_modules/@testing-library/dom/dist/query-helpers.js:52:17
      at node_modules/@testing-library/react/node_modules/@testing-library/dom/dist/query-helpers.js:95:19
      at Object.getByPlaceholderText (src/features/Auth/SignUp/SignUp.test.jsx:174:36)

  â— SignUp Page - Registration Tests â€º Validation Tests â€º Validation: Máº­t kháº©u xĂ¡c nháº­n khĂ´ng khá»›p

    TestingLibraryElementError: Unable to find an element with the placeholder text of: /^Máº­t kháº©u/i

    Ignored nodes: comments, script, style
    [36m<body>[39m
      [36m<div>[39m
        [36m<div[39m
          [33mclass[39m=[32m"flex h-screen w-full font-sans"[39m
        [36m>[39m
          [36m<div[39m
            [33mclass[39m=[32m"w-full lg:w-1/2 flex items-center justify-center p-8 bg-white"[39m
          [36m>[39m
            [36m<div[39m
              [33mclass[39m=[32m"max-w-md w-full"[39m
            [36m>[39m
              [36m<h2[39m
                [33mclass[39m=[32m"text-4xl font-bold text-cyan-700 mb-8"[39m
              [36m>[39m
                [0mÄÄƒng kĂ½[0m
              [36m</h2>[39m
              [36m<form[39m
                [33mclass[39m=[32m"space-y-6 flex flex-col"[39m
              [36m>[39m
                [36m<div[39m
                  [33mclass[39m=[32m"flex flex-col w-full"[39m
                [36m>[39m
                  [36m<label[39m
                    [33mclass[39m=[32m"mb-1 font-medium text-gray-700"[39m
                  [36m>[39m
                    [0mHá» tĂªn[0m
                  [36m</label>[39m
                  [36m<input[39m
                    [33mclass[39m=[32m"w-full p-4 rounded-xl bg-gray-100 text-gray-800 
              border transition duration-150 outline-0
              border-gray-300 
              "[39m
                    [33mname[39m=[32m"fullName"[39m
                    [33mplaceholder[39m=[32m"Nguyá»…n VÄƒn A"[39m
                  [36m/>[39m
                [36m</div>[39m
                [36m<div[39m
                  [33mclass[39m=[32m"flex flex-col w-full"[39m
                [36m>[39m
                  [36m<label[39m
                    [33mclass[39m=[32m"mb-1 font-medium text-gray-700"[39m
                  [36m>[39m
                    [0mTĂªn Ä‘Äƒng nháº­p[0m
                  [36m</label>[39m
                  [36m<input[39m
                    [33mclass[39m=[32m"w-full p-4 rounded-xl bg-gray-100 text-gray-800 
              border transition duration-150 outline-0
              border-gray-300 
              "[39m
                    [33mname[39m=[32m"username"[39m
                    [33mplaceholder[39m=[32m"TĂªn Ä‘Äƒng nháº­p"[39m
                  [36m/>[39m
                [36m</div>[39m
                [36m<div[39m
                  [33mclass[39m=[32m"flex flex-col w-full"[39m
                [36m>[39m
                  [36m<label[39m
                    [33mclass[39m=[32m"mb-1 font-medium text-gray-700"[39m
                  [36m>[39m
                    [0mEmail[0m
                  [36m</label>[39m
                  [36m<input[39m
                    [33mclass[39m=[32m"w-full p-4 rounded-xl bg-gray-100 text-gray-800 
              border transition duration-150 outline-0
              border-gray-300 
              "[39m
                    [33mname[39m=[32m"email"[39m
                    [33mplaceholder[39m=[32m"email@gmail.com"[39m
                  [36m/>[39m
                [36m</div>[39m
                [36m<div[39m
                  [33mclass[39m=[32m"flex flex-col w-full"[39m
                [36m>[39m
                  [36m<label[39m
                    [33mclass[39m=[32m"mb-1 font-medium text-gray-700"[39m
                  [36m>[39m
                    [0mMáº­t kháº©u[0m
                  [36m</label>[39m
                  [36m<input[39m
                    [33mclass[39m=[32m"w-full p-4 rounded-xl bg-gray-100 text-gray-800 
              border transition duration-150 outline-0
              border-gray-300 
              "[39m
                    [33mname[39m=[32m"password"[39m
                    [33mtype[39m=[32m"password"[39m
                  [36m/>[39m
                [36m</div>[39m
                [36m<div[39m
                  [33mclass[39m=[32m"flex flex-col w-full"[39m
                [36m>[39m
                  [36m<label[39m
                    [33mclass[39m=[32m"mb-1 font-medium text-gray-700"[39m
                  [36m>[39m
                    [0mXĂ¡c nháº­n máº­t kháº©u[0m
                  [36m</label>[39m
                  [36m<input[39m
                    [33mclass[39m=[32m"w-full p-4 rounded-xl bg-gray-100 text-gray-800 
              border transition duration-150 outline-0
              border-gray-300 
              "[39m
                    [33mname[39m=[32m"confirmPassword"[39m
                    [33mtype[39m=[32m"password"[39m
                  [36m/>[39m
                [36m</div>[39m
                [36m<button[39m
                  [33mclass[39m=[32m"font-semibold rounded-xl text-lg transition duration-200 shadow-md focus:outline-none focus:ring-4 bg-cyan-500 
text-white hover:bg-cyan-600 focus:ring-cyan-300 w-full py-3 px-4 text-lg "[39m
                  [33mtype[39m=[32m"submit"[39m
                [36m>[39m
                  [0mÄÄƒng kĂ½[0m
                [36m</button>[39m
              [36m</form>[39m
            [36m</div>[39m
          [36m</div>[39m
          [36m<div[39m
            [33mclass[39m=[32m"hidden lg:w-1/2 lg:flex items-center justify-center p-8 bg-cyan-500 text-white"[39m
          [36m>[39m
            [36m<div[39m
              [33mclass[39m=[32m"text-center max-w-sm"[39m
            [36m>[39m
              [36m<h2[39m
                [33mclass[39m=[32m"text-4xl font-bold mb-6"[39m
              [36m>[39m
                [0mÄĂ£ cĂ³ tĂ i khoáº£n?[0m
              [36m</h2>[39m
              [36m<p[39m
                [33mclass[39m=[32m"text-lg mb-8"[39m
              [36m>[39m
                [0mHĂ£y Ä‘Äƒng nháº­p Ä‘á»ƒ sá»­ dá»¥ng dá»‹ch vá»¥[0m
              [36m</p>[39m
              [36m<a[39m
                [33mhref[39m=[32m"/signin"[39m
              [36m>[39m
                [36m<button[39m
                  [33mclass[39m=[32m"font-semibold rounded-xl text-lg transition duration-200 shadow-md focus:outline-none focus:ring-4 bg-white 
text-cyan-500 hover:bg-gray-100 focus:ring-gray-300 py-3 px-8 text-lg rounded-full px-12!"[39m
                [36m>[39m
                  [0mÄÄƒng nháº­p[0m
                [36m</button>[39m
              [36m</a>[39m
            [36m</div>[39m
          [36m</div>[39m
        [36m</div>[39m
      [36m</div>[39m
    [36m</body>[39m

    [0m [90m 204 |[39m       renderSignUp()[33m;[39m
     [90m 205 |[39m
    [31m[1m>[22m[39m[90m 206 |[39m       [36mconst[39m passwordInput [33m=[39m screen[33m.[39mgetByPlaceholderText([35m/^Máºt 
kháº©u/i[39m)[33m;[39m
     [90m     |[39m                                    [31m[1m^[22m[39m
     [90m 207 |[39m       [36mconst[39m confirmPasswordInput [33m=[39m screen[33m.[39mgetByPlaceholderText([35m/xĂ¡c nháºn máºt 
kháº©u/i[39m)[33m;[39m
     [90m 208 |[39m       [36mconst[39m submitButton [33m=[39m screen[33m.[39mgetByRole([32m'button'[39m[33m,[39m { name[33m:[39m [35m/Ä‘Äƒng 
kĂ½/i[39m })[33m;[39m
     [90m 209 |[39m[0m

      at Object.getElementError (node_modules/@testing-library/react/node_modules/@testing-library/dom/dist/config.js:37:19)
      at node_modules/@testing-library/react/node_modules/@testing-library/dom/dist/query-helpers.js:76:38
      at node_modules/@testing-library/react/node_modules/@testing-library/dom/dist/query-helpers.js:52:17
      at node_modules/@testing-library/react/node_modules/@testing-library/dom/dist/query-helpers.js:95:19
      at Object.getByPlaceholderText (src/features/Auth/SignUp/SignUp.test.jsx:206:36)

  â— SignUp Page - Registration Tests â€º Validation Tests â€º Validation: Máº­t kháº©u quĂ¡ ngáº¯n

    TestingLibraryElementError: Unable to find an element with the placeholder text of: /^Máº­t kháº©u/i

    Ignored nodes: comments, script, style
    [36m<body>[39m
      [36m<div>[39m
        [36m<div[39m
          [33mclass[39m=[32m"flex h-screen w-full font-sans"[39m
        [36m>[39m
          [36m<div[39m
            [33mclass[39m=[32m"w-full lg:w-1/2 flex items-center justify-center p-8 bg-white"[39m
          [36m>[39m
            [36m<div[39m
              [33mclass[39m=[32m"max-w-md w-full"[39m
            [36m>[39m
              [36m<h2[39m
                [33mclass[39m=[32m"text-4xl font-bold text-cyan-700 mb-8"[39m
              [36m>[39m
                [0mÄÄƒng kĂ½[0m
              [36m</h2>[39m
              [36m<form[39m
                [33mclass[39m=[32m"space-y-6 flex flex-col"[39m
              [36m>[39m
                [36m<div[39m
                  [33mclass[39m=[32m"flex flex-col w-full"[39m
                [36m>[39m
                  [36m<label[39m
                    [33mclass[39m=[32m"mb-1 font-medium text-gray-700"[39m
                  [36m>[39m
                    [0mHá» tĂªn[0m
                  [36m</label>[39m
                  [36m<input[39m
                    [33mclass[39m=[32m"w-full p-4 rounded-xl bg-gray-100 text-gray-800 
              border transition duration-150 outline-0
              border-gray-300 
              "[39m
                    [33mname[39m=[32m"fullName"[39m
                    [33mplaceholder[39m=[32m"Nguyá»…n VÄƒn A"[39m
                  [36m/>[39m
                [36m</div>[39m
                [36m<div[39m
                  [33mclass[39m=[32m"flex flex-col w-full"[39m
                [36m>[39m
                  [36m<label[39m
                    [33mclass[39m=[32m"mb-1 font-medium text-gray-700"[39m
                  [36m>[39m
                    [0mTĂªn Ä‘Äƒng nháº­p[0m
                  [36m</label>[39m
                  [36m<input[39m
                    [33mclass[39m=[32m"w-full p-4 rounded-xl bg-gray-100 text-gray-800 
              border transition duration-150 outline-0
              border-gray-300 
  console.error
    Warning: An update to SignInPage inside a test was not wrapped in act(...).
    
    When testing, code that causes React state updates should be wrapped into act(...):
    
    act(() => {
      /* fire events that update state */
    });
    /* assert on the output */
    
    This ensures that you're testing the behavior the user would see in the browser. Learn more at https://reactjs.org/link/wrap-tests-with-act
        at SignInPage (D:\TMP\Front_End_NM-CNPM\src\features\Auth\SignIn\SignIn.jsx:16:64)
        at Router (D:\TMP\Front_End_NM-CNPM\node_modules\react-router\dist\development\chunk-RBZI3ZHD.js:9073:13)
        at BrowserRouter (D:\TMP\Front_End_NM-CNPM\node_modules\react-router\dist\development\chunk-HMTWJNYB.js:269:3)
        at Provider (D:\TMP\Front_End_NM-CNPM\node_modules\react-redux\src\components\Provider.tsx:60:11)

      at printWarning (node_modules/react-dom/cjs/react-dom.development.js:86:30)
      at error (node_modules/react-dom/cjs/react-dom.development.js:60:7)
      at warnIfUpdatesNotWrappedWithActDEV (node_modules/react-dom/cjs/react-dom.development.js:27628:9)
      at scheduleUpdateOnFiber (node_modules/react-dom/cjs/react-dom.development.js:25547:5)
      at dispatchSetState (node_modules/react-dom/cjs/react-dom.development.js:16708:7)
      at Object.control [as callback] (node_modules/react-hook-form/src/useForm.ts:113:7)
      at Object.name (node_modules/react-hook-form/src/logic/createFormControl.ts:1067:58)
      at Object.next (node_modules/react-hook-form/src/utils/extractFormValues.ts:3:15)
      at node_modules/react-hook-form/src/logic/createFormControl.ts:1292:7

  console.error
    Warning: An update to SignInPage inside a test was not wrapped in act(...).
    
    When testing, code that causes React state updates should be wrapped into act(...):
    
    act(() => {
      /* fire events that update state */
    });
    /* assert on the output */
    
    This ensures that you're testing the behavior the user would see in the browser. Learn more at https://reactjs.org/link/wrap-tests-with-act
        at SignInPage (D:\TMP\Front_End_NM-CNPM\src\features\Auth\SignIn\SignIn.jsx:16:64)
        at Router (D:\TMP\Front_End_NM-CNPM\node_modules\react-router\dist\development\chunk-RBZI3ZHD.js:9073:13)
        at BrowserRouter (D:\TMP\Front_End_NM-CNPM\node_modules\react-router\dist\development\chunk-HMTWJNYB.js:269:3)
        at Provider (D:\TMP\Front_End_NM-CNPM\node_modules\react-redux\src\components\Provider.tsx:60:11)

      at printWarning (node_modules/react-dom/cjs/react-dom.development.js:86:30)
      at error (node_modules/react-dom/cjs/react-dom.development.js:60:7)
      at warnIfUpdatesNotWrappedWithActDEV (node_modules/react-dom/cjs/react-dom.development.js:27628:9)
      at scheduleUpdateOnFiber (node_modules/react-dom/cjs/react-dom.development.js:25547:5)
      at dispatchSetState (node_modules/react-dom/cjs/react-dom.development.js:16708:7)
      at Object.control [as callback] (node_modules/react-hook-form/src/useForm.ts:113:7)
      at Object.name (node_modules/react-hook-form/src/logic/createFormControl.ts:1067:58)
      at Object.next (node_modules/react-hook-form/src/utils/extractFormValues.ts:3:15)
      at errors (node_modules/react-hook-form/src/logic/createFormControl.ts:1290:9)

              "[39m
                    [33mname[39m=[32m"username"[39m
                    [33mplaceholder[39m=[32m"TĂªn Ä‘Äƒng nháº­p"[39m
                  [36m/>[39m
                [36m</div>[39m
                [36m<div[39m
                  [33mclass[39m=[32m"flex flex-col w-full"[39m
                [36m>[39m
                  [36m<label[39m
                    [33mclass[39m=[32m"mb-1 font-medium text-gray-700"[39m
                  [36m>[39m
                    [0mEmail[0m
                  [36m</label>[39m
                  [36m<input[39m
                    [33mclass[39m=[32m"w-full p-4 rounded-xl bg-gray-100 text-gray-800 
              border transition duration-150 outline-0
              border-gray-300 
              "[39m
                    [33mname[39m=[32m"email"[39m
                    [33mplaceholder[39m=[32m"email@gmail.com"[39m
                  [36m/>[39m
                [36m</div>[39m
                [36m<div[39m
                  [33mclass[39m=[32m"flex flex-col w-full"[39m
                [36m>[39m
                  [36m<label[39m
                    [33mclass[39m=[32m"mb-1 font-medium text-gray-700"[39m
                  [36m>[39m
                    [0mMáº­t kháº©u[0m
                  [36m</label>[39m
                  [36m<input[39m
                    [33mclass[39m=[32m"w-full p-4 rounded-xl bg-gray-100 text-gray-800 
              border transition duration-150 outline-0
              border-gray-300 
              "[39m
                    [33mname[39m=[32m"password"[39m
                    [33mtype[39m=[32m"password"[39m
                  [36m/>[39m
                [36m</div>[39m
                [36m<div[39m
                  [33mclass[39m=[32m"flex flex-col w-full"[39m
                [36m>[39m
                  [36m<label[39m
                    [33mclass[39m=[32m"mb-1 font-medium text-gray-700"[39m
                  [36m>[39m
                    [0mXĂ¡c nháº­n máº­t kháº©u[0m
                  [36m</label>[39m
                  [36m<input[39m
                    [33mclass[39m=[32m"w-full p-4 rounded-xl bg-gray-100 text-gray-800 
              border transition duration-150 outline-0
              border-gray-300 
              "[39m
                    [33mname[39m=[32m"confirmPassword"[39m
                    [33mtype[39m=[32m"password"[39m
                  [36m/>[39m
                [36m</div>[39m
                [36m<button[39m
                  [33mclass[39m=[32m"font-semibold rounded-xl text-lg transition duration-200 shadow-md focus:outline-none focus:ring-4 bg-cyan-500 
text-white hover:bg-cyan-600 focus:ring-cyan-300 w-full py-3 px-4 text-lg "[39m
                  [33mtype[39m=[32m"submit"[39m
                [36m>[39m
                  [0mÄÄƒng kĂ½[0m
                [36m</button>[39m
              [36m</form>[39m
            [36m</div>[39m
          [36m</div>[39m
          [36m<div[39m
            [33mclass[39m=[32m"hidden lg:w-1/2 lg:flex items-center justify-center p-8 bg-cyan-500 text-white"[39m
          [36m>[39m
            [36m<div[39m
              [33mclass[39m=[32m"text-center max-w-sm"[39m
            [36m>[39m
              [36m<h2[39m
                [33mclass[39m=[32m"text-4xl font-bold mb-6"[39m
              [36m>[39m
                [0mÄĂ£ cĂ³ tĂ i khoáº£n?[0m
              [36m</h2>[39m
              [36m<p[39m
                [33mclass[39m=[32m"text-lg mb-8"[39m
              [36m>[39m
                [0mHĂ£y Ä‘Äƒng nháº­p Ä‘á»ƒ sá»­ dá»¥ng dá»‹ch vá»¥[0m
              [36m</p>[39m
              [36m<a[39m
                [33mhref[39m=[32m"/signin"[39m
              [36m>[39m
                [36m<button[39m
                  [33mclass[39m=[32m"font-semibold rounded-xl text-lg transition duration-200 shadow-md focus:outline-none focus:ring-4 bg-white 
text-cyan-500 hover:bg-gray-100 focus:ring-gray-300 py-3 px-8 text-lg rounded-full px-12!"[39m
                [36m>[39m
                  [0mÄÄƒng nháº­p[0m
                [36m</button>[39m
              [36m</a>[39m
            [36m</div>[39m
          [36m</div>[39m
        [36m</div>[39m
      [36m</div>[39m
    [36m</body>[39m

    [0m [90m 222 |[39m       renderSignUp()[33m;[39m
     [90m 223 |[39m
    [31m[1m>[22m[39m[90m 224 |[39m       [36mconst[39m passwordInput [33m=[39m screen[33m.[39mgetByPlaceholderText([35m/^Máºt 
kháº©u/i[39m)[33m;[39m
     [90m     |[39m                                    [31m[1m^[22m[39m
     [90m 225 |[39m       [36mconst[39m confirmPasswordInput [33m=[39m screen[33m.[39mgetByPlaceholderText([35m/xĂ¡c nháºn máºt 
kháº©u/i[39m)[33m;[39m
     [90m 226 |[39m       [36mconst[39m submitButton [33m=[39m screen[33m.[39mgetByRole([32m'button'[39m[33m,[39m { name[33m:[39m [35m/Ä‘Äƒng 
kĂ½/i[39m })[33m;[39m
     [90m 227 |[39m[0m

      at Object.getElementError (node_modules/@testing-library/react/node_modules/@testing-library/dom/dist/config.js:37:19)
      at node_modules/@testing-library/react/node_modules/@testing-library/dom/dist/query-helpers.js:76:38
      at node_modules/@testing-library/react/node_modules/@testing-library/dom/dist/query-helpers.js:52:17
      at node_modules/@testing-library/react/node_modules/@testing-library/dom/dist/query-helpers.js:95:19
      at Object.getByPlaceholderText (src/features/Auth/SignUp/SignUp.test.jsx:224:36)

  console.error
    Warning: An update to SignInPage inside a test was not wrapped in act(...).
    
    When testing, code that causes React state updates should be wrapped into act(...):
    
    act(() => {
      /* fire events that update state */
    });
    /* assert on the output */
    
    This ensures that you're testing the behavior the user would see in the browser. Learn more at https://reactjs.org/link/wrap-tests-with-act
        at SignInPage (D:\TMP\Front_End_NM-CNPM\src\features\Auth\SignIn\SignIn.jsx:16:64)
        at Router (D:\TMP\Front_End_NM-CNPM\node_modules\react-router\dist\development\chunk-RBZI3ZHD.js:9073:13)
        at BrowserRouter (D:\TMP\Front_End_NM-CNPM\node_modules\react-router\dist\development\chunk-HMTWJNYB.js:269:3)
        at Provider (D:\TMP\Front_End_NM-CNPM\node_modules\react-redux\src\components\Provider.tsx:60:11)

      at printWarning (node_modules/react-dom/cjs/react-dom.development.js:86:30)
      at error (node_modules/react-dom/cjs/react-dom.development.js:60:7)
      at warnIfUpdatesNotWrappedWithActDEV (node_modules/react-dom/cjs/react-dom.development.js:27628:9)
      at scheduleUpdateOnFiber (node_modules/react-dom/cjs/react-dom.development.js:25547:5)
      at dispatchSetState (node_modules/react-dom/cjs/react-dom.development.js:16708:7)
      at Object.control [as callback] (node_modules/react-hook-form/src/useForm.ts:113:7)
      at Object.name (node_modules/react-hook-form/src/logic/createFormControl.ts:1067:58)
      at Object.next (node_modules/react-hook-form/src/utils/extractFormValues.ts:3:15)
      at node_modules/react-hook-form/src/logic/createFormControl.ts:1292:7

  console.error
    Warning: An update to SignInPage inside a test was not wrapped in act(...).
    
    When testing, code that causes React state updates should be wrapped into act(...):
    
    act(() => {
      /* fire events that update state */
    });
    /* assert on the output */
    
    This ensures that you're testing the behavior the user would see in the browser. Learn more at https://reactjs.org/link/wrap-tests-with-act
        at SignInPage (D:\TMP\Front_End_NM-CNPM\src\features\Auth\SignIn\SignIn.jsx:16:64)
        at Router (D:\TMP\Front_End_NM-CNPM\node_modules\react-router\dist\development\chunk-RBZI3ZHD.js:9073:13)
        at BrowserRouter (D:\TMP\Front_End_NM-CNPM\node_modules\react-router\dist\development\chunk-HMTWJNYB.js:269:3)
        at Provider (D:\TMP\Front_End_NM-CNPM\node_modules\react-redux\src\components\Provider.tsx:60:11)

      at printWarning (node_modules/react-dom/cjs/react-dom.development.js:86:30)
      at error (node_modules/react-dom/cjs/react-dom.development.js:60:7)
      at warnIfUpdatesNotWrappedWithActDEV (node_modules/react-dom/cjs/react-dom.development.js:27628:9)
      at scheduleUpdateOnFiber (node_modules/react-dom/cjs/react-dom.development.js:25547:5)
      at dispatchSetState (node_modules/react-dom/cjs/react-dom.development.js:16708:7)
      at Object.control [as callback] (node_modules/react-hook-form/src/useForm.ts:113:7)
      at Object.name (node_modules/react-hook-form/src/logic/createFormControl.ts:1067:58)
      at Object.next (node_modules/react-hook-form/src/utils/extractFormValues.ts:3:15)
      at errors (node_modules/react-hook-form/src/logic/createFormControl.ts:1290:9)

  console.error
    Warning: An update to SignInPage inside a test was not wrapped in act(...).
    
    When testing, code that causes React state updates should be wrapped into act(...):
    
    act(() => {
      /* fire events that update state */
    });
    /* assert on the output */
    
    This ensures that you're testing the behavior the user would see in the browser. Learn more at https://reactjs.org/link/wrap-tests-with-act
        at SignInPage (D:\TMP\Front_End_NM-CNPM\src\features\Auth\SignIn\SignIn.jsx:16:64)
        at Router (D:\TMP\Front_End_NM-CNPM\node_modules\react-router\dist\development\chunk-RBZI3ZHD.js:9073:13)
        at BrowserRouter (D:\TMP\Front_End_NM-CNPM\node_modules\react-router\dist\development\chunk-HMTWJNYB.js:269:3)
        at Provider (D:\TMP\Front_End_NM-CNPM\node_modules\react-redux\src\components\Provider.tsx:60:11)

      at printWarning (node_modules/react-dom/cjs/react-dom.development.js:86:30)
      at error (node_modules/react-dom/cjs/react-dom.development.js:60:7)
      at warnIfUpdatesNotWrappedWithActDEV (node_modules/react-dom/cjs/react-dom.development.js:27628:9)
      at scheduleUpdateOnFiber (node_modules/react-dom/cjs/react-dom.development.js:25547:5)
      at dispatchSetState (node_modules/react-dom/cjs/react-dom.development.js:16708:7)
      at Object.control [as callback] (node_modules/react-hook-form/src/useForm.ts:113:7)
      at Object.name (node_modules/react-hook-form/src/logic/createFormControl.ts:1067:58)
      at Object.next (node_modules/react-hook-form/src/utils/extractFormValues.ts:3:15)
      at node_modules/react-hook-form/src/logic/createFormControl.ts:1292:7

  console.error
    Warning: An update to SignInPage inside a test was not wrapped in act(...).
    
    When testing, code that causes React state updates should be wrapped into act(...):
    
    act(() => {
      /* fire events that update state */
    });
    /* assert on the output */
    
    This ensures that you're testing the behavior the user would see in the browser. Learn more at https://reactjs.org/link/wrap-tests-with-act
        at SignInPage (D:\TMP\Front_End_NM-CNPM\src\features\Auth\SignIn\SignIn.jsx:16:64)
        at Router (D:\TMP\Front_End_NM-CNPM\node_modules\react-router\dist\development\chunk-RBZI3ZHD.js:9073:13)
        at BrowserRouter (D:\TMP\Front_End_NM-CNPM\node_modules\react-router\dist\development\chunk-HMTWJNYB.js:269:3)
        at Provider (D:\TMP\Front_End_NM-CNPM\node_modules\react-redux\src\components\Provider.tsx:60:11)

      at printWarning (node_modules/react-dom/cjs/react-dom.development.js:86:30)
      at error (node_modules/react-dom/cjs/react-dom.development.js:60:7)
      at warnIfUpdatesNotWrappedWithActDEV (node_modules/react-dom/cjs/react-dom.development.js:27628:9)
      at scheduleUpdateOnFiber (node_modules/react-dom/cjs/react-dom.development.js:25547:5)
      at dispatchSetState (node_modules/react-dom/cjs/react-dom.development.js:16708:7)
      at Object.control [as callback] (node_modules/react-hook-form/src/useForm.ts:113:7)
      at Object.name (node_modules/react-hook-form/src/logic/createFormControl.ts:1067:58)
      at Object.next (node_modules/react-hook-form/src/utils/extractFormValues.ts:3:15)
      at errors (node_modules/react-hook-form/src/logic/createFormControl.ts:1290:9)

  console.error
    Warning: An update to SignInPage inside a test was not wrapped in act(...).
    
    When testing, code that causes React state updates should be wrapped into act(...):
    
    act(() => {
      /* fire events that update state */
    });
    /* assert on the output */
    
    This ensures that you're testing the behavior the user would see in the browser. Learn more at https://reactjs.org/link/wrap-tests-with-act
        at SignInPage (D:\TMP\Front_End_NM-CNPM\src\features\Auth\SignIn\SignIn.jsx:16:64)
        at Router (D:\TMP\Front_End_NM-CNPM\node_modules\react-router\dist\development\chunk-RBZI3ZHD.js:9073:13)
        at BrowserRouter (D:\TMP\Front_End_NM-CNPM\node_modules\react-router\dist\development\chunk-HMTWJNYB.js:269:3)
        at Provider (D:\TMP\Front_End_NM-CNPM\node_modules\react-redux\src\components\Provider.tsx:60:11)

      at printWarning (node_modules/react-dom/cjs/react-dom.development.js:86:30)
      at error (node_modules/react-dom/cjs/react-dom.development.js:60:7)
      at warnIfUpdatesNotWrappedWithActDEV (node_modules/react-dom/cjs/react-dom.development.js:27628:9)
      at scheduleUpdateOnFiber (node_modules/react-dom/cjs/react-dom.development.js:25547:5)
      at dispatchSetState (node_modules/react-dom/cjs/react-dom.development.js:16708:7)
      at Object.control [as callback] (node_modules/react-hook-form/src/useForm.ts:113:7)
      at Object.name (node_modules/react-hook-form/src/logic/createFormControl.ts:1067:58)
      at Object.next (node_modules/react-hook-form/src/utils/extractFormValues.ts:3:15)
      at errors (node_modules/react-hook-form/src/logic/createFormControl.ts:1290:9)

  console.error
    Warning: An update to SignInPage inside a test was not wrapped in act(...).
    
    When testing, code that causes React state updates should be wrapped into act(...):
    
    act(() => {
      /* fire events that update state */
    });
    /* assert on the output */
    
    This ensures that you're testing the behavior the user would see in the browser. Learn more at https://reactjs.org/link/wrap-tests-with-act
        at SignInPage (D:\TMP\Front_End_NM-CNPM\src\features\Auth\SignIn\SignIn.jsx:16:64)
        at Router (D:\TMP\Front_End_NM-CNPM\node_modules\react-router\dist\development\chunk-RBZI3ZHD.js:9073:13)
        at BrowserRouter (D:\TMP\Front_End_NM-CNPM\node_modules\react-router\dist\development\chunk-HMTWJNYB.js:269:3)
        at Provider (D:\TMP\Front_End_NM-CNPM\node_modules\react-redux\src\components\Provider.tsx:60:11)

      at printWarning (node_modules/react-dom/cjs/react-dom.development.js:86:30)
      at error (node_modules/react-dom/cjs/react-dom.development.js:60:7)
      at warnIfUpdatesNotWrappedWithActDEV (node_modules/react-dom/cjs/react-dom.development.js:27628:9)
      at scheduleUpdateOnFiber (node_modules/react-dom/cjs/react-dom.development.js:25547:5)
      at dispatchSetState (node_modules/react-dom/cjs/react-dom.development.js:16708:7)
      at Object.control [as callback] (node_modules/react-hook-form/src/useForm.ts:113:7)
      at Object.name (node_modules/react-hook-form/src/logic/createFormControl.ts:1067:58)
      at Object.next (node_modules/react-hook-form/src/utils/extractFormValues.ts:3:15)
      at errors (node_modules/react-hook-form/src/logic/createFormControl.ts:1290:9)

PASS src/features/Auth/SignIn/SignIn.test.jsx (5.195 s)
  SignIn Page - Authentication Tests
    ÄÄƒng nháº­p há»£p lá»‡
      âˆ Chá»©c nÄƒng Ä‘Äƒng nháº­p: Kiá»ƒm tra há»‡ thá»‘ng cho phĂ©p ngÆ°á»i dĂ¹ng Ä‘Äƒng nháº­p khi thĂ´ng tin Ä‘Ăºng (668 ms)
    ÄÄƒng nháº­p sai máº­t kháº©u
      âˆ Chá»©c nÄƒng Ä‘Äƒng nháº­p: Kiá»ƒm tra há»‡ thá»‘ng tá»« chá»‘i khi máº­t kháº©u sai (497 ms)
    ÄÄƒng nháº­p sai tĂªn Ä‘Äƒng nháº­p
      âˆ Chá»©c nÄƒng Ä‘Äƒng nháº­p: Kiá»ƒm tra há»‡ thá»‘ng xá»­ lĂ½ khi username khĂ´ng tá»“n táº¡i (529 ms)
    Validation Tests
      âˆ Validation: Username quĂ¡ ngáº¯n (358 ms)
      âˆ Validation: Password quĂ¡ ngáº¯n (372 ms)

Test Suites: 2 failed, 4 passed, 6 total
Tests:       6 failed, 63 passed, 69 total
Snapshots:   0 total
Time:        7.586 s
Ran all test suites.
